// Jest Snapshot v1, https://goo.gl/fbAQLP

exports[`returns the plain text value 1`] = `
<DocumentFragment>
  <div
    class="govuk-form-group"
  >
    <label
      class="govuk-label"
      for="text-input"
    >
      input
      <input
        class="govuk-input"
        id="text-input"
        type="text"
        value=""
      />
    </label>
  </div>
</DocumentFragment>
`;
